[backblue.gif]
[fade.gif]
[index.html]
[styles.assets-landingi.com/vvSQDJmq/Samsung_Font.css]
[styles.assets-landingi.com/assets/css/2.14-landend-base.css]
[styles.assets-landingi.com/sQghXORl/base.css]
[scripts.assets-landingi.com/landend/lazysizes.min.js]
[scripts.assets-landingi.com/lightboxes/lightbox-render2400.js]
[ucarecdn.com/libs/blinkloader/3.x/blinkloader.min.js]
[images.assets-landingi.com/z6ra5UVK/png_transparent_check_logo_check_mark_computer_icons_correct_miscellaneous_angle_text_thumbnail.png]
[images.assets-landingi.com/DYRsG0KAqP1ZblN9/png_transparent_check_logo_check_mark_computer_icons_correct_miscellaneous_angle_text_thumbnail.png]
[images.assets-landingi.com/O4S3qsg4kNQMYeEp/png_transparent_check_logo_check_mark_computer_icons_correct_miscellaneous_angle_text_thumbnail.png]
[images.assets-landingi.com/E3oAOJgNHNPCs1dF/png_transparent_check_logo_check_mark_computer_icons_correct_miscellaneous_angle_text_thumbnail.png]
[images.assets-landingi.com/zrNXCOBVBjbGtFy7/png_transparent_check_logo_check_mark_computer_icons_correct_miscellaneous_angle_text_thumbnail.png]
[images.assets-landingi.com/WN5aNJVGPe8shizV/png_transparent_check_logo_check_mark_computer_icons_correct_miscellaneous_angle_text_thumbnail.png]
[images.assets-landingi.com/rcCdfA9E/reeeeee.png]
[images.assets-landingi.com/HjvVdW127bAaYOAh/reeeeee.png]
[images.assets-landingi.com/e01x3BOucQISLjOH/png_transparent_check_logo_check_mark_computer_icons_correct_miscellaneous_angle_text_thumbnail.png]
[images.assets-landingi.com/euTuTvgE/cartao.png]
[images.assets-landingi.com/vNOoRRRL70Wdbm8O/cartao.png]
[images.assets-landingi.com/pFgjRLFg/frete.png]
[images.assets-landingi.com/biebRIw4DMw5qCdg/frete.png]
[images.assets-landingi.com/SwuNNuAn/parc2.png]
[images.assets-landingi.com/c7iy0KS7NZzCQIP2/parc2.png]
[images.assets-landingi.com/39FK7IAS/Modelo_3.png]
[images.assets-landingi.com/zjgoQNFO/Modelo_4_Vertical.png]
[images.assets-landingi.com/9M2ExBhbrVeKRgSQ/Modelo_4_Vertical.png]
[images.assets-landingi.com/uc/90de9c87-4a23-421a-8f56-ac48e71432ed/321.jpg]
[images.assets-landingi.com/uc/77fd26c4-db90-46fb-93f1-8baabbcbddb1/moderna compra (2).jpg]
[images.assets-landingi.com/uc/9b8b8531-3374-4ab1-b83f-fc69faba3a72/moderna compra (1).png]
[images.assets-landingi.com/uc/a1760270-b120-482a-ba10-3063b19aeb49/Captura de tela 2022-05-02 111434.png]
[images.assets-landingi.com/uc/f319a89a-5d56-4226-9967-a49ecbc91e58/ezgif.com-gif-maker (2).gif]
[images.assets-landingi.com/V49TOOIRqb0szD6m/reeeeee.png]
[images.assets-landingi.com/uc/adaf5bef-d91a-4b33-8d5c-ac8ccbc783e5/kZYN6GFptZw0OLGx70X8SZHE9ee13I66mTPulzpW.jpeg]
[images.assets-landingi.com/uc/41e1abea-9896-4d1f-9917-8f68b16d6c66/aZhOyhXQMUFS2v9mmav5Boi6KZbVy2EO43w2DBtO.jpeg]
[images.assets-landingi.com/uc/7e770376-5902-42ac-aca7-3f416a785f07/TGUulpsp4NDiTe5lJJRHJMlfDGqfoqbLqNm2t8NL.jpeg]
[images.assets-landingi.com/uc/246edff0-9f43-41e6-b282-49bbbfe2cd23/1.jpg]
[images.assets-landingi.com/sLsBmD3f/selo_siteNOVO.png]
[images.assets-landingi.com/3Kxot195WhE3ryPo/selo_siteNOVO.png]
[images.assets-landingi.com/56eP6yghbf0NKzri/selo_siteNOVO.png]
[images.assets-landingi.com/uc/c17e1d24-f7c2-44f1-982c-206cc93db7f7/2.jpg]
[images.assets-landingi.com/QGz85nSU1mQZ6JFc/selo_siteNOVO.png]
[images.assets-landingi.com/uc/d8fc55c4-efd2-4b5e-ac87-1f144c6add87/3.jpg]
[images.assets-landingi.com/cN1hdysGE8FDhH0X/reeeeee.png]
[images.assets-landingi.com/0Kxr9SicPKvTnjJK/reeeeee.png]
[images.assets-landingi.com/aTN9Vh9ZwhvjvrxB/reeeeee.png]
[images.assets-landingi.com/uc/b117121e-f643-4a4f-95da-a13f1ebeffae/download.png]
[images.assets-landingi.com/uc/645a0826-8113-4b87-a496-0c9a7044f76d/download1.png]
[images.assets-landingi.com/uc/87827159-c96a-4f2f-9fb4-ec0f7bd28e73/download2.png]
[images.assets-landingi.com/uc/d5469f7c-7278-47d4-8970-30de4057cb7f/download4.png]
[images.assets-landingi.com/uc/2b9e1ea4-a769-4e88-95a1-965d4f8b6a81/download5.png]
[images.assets-landingi.com/uc/a97a147c-766e-470d-b009-2cb2a6faf983/download7.png]
[images.assets-landingi.com/Ui5ZNBi4/Original_fundo_transparente.png]
[images.assets-landingi.com/4AVOKWzkek408NUX/Original_fundo_transparente.png]
[assetslp.link/assets/js/landend/jquery-1-9-1.min.js]
[old.assets-landingi.com/bootstrap/js/landend.bootstrap.min.js]
[scripts.assets-landingi.com/webview/webview.1.0.2.js]
[old.assets-landingi.com/assets/js/dist/landend/031121/landend.js]
[old.assets-landingi.com/assets/js/landend/anchors/v02.js]
[scripts.assets-landingi.com/landend/160721/files.js]
[old.assets-landingi.com/assets/js/vendor/jquery-form/jquery.form.min.js]
[scripts.assets-landingi.com/landend/290622/landend.min.js]
[old.assets-landingi.com/assets/js/landend/260820/validation.js]
[scripts.assets-landingi.com/shopify/27072020/iframe.js]
[maxcdn.bootstrapcdn.com/font-awesome/4.3.0/css/font-awesome.min.css]
[loja.modernacompra.com.br/limpadornasal.html]
[styles.assets-landingi.com/vvSQDJmq/Samsung_Font.css]
[styles.assets-landingi.com/assets/css/2.14-landend-base.css]
[styles.assets-landingi.com/sQghXORl/base.css]
[s3-eu-west-1.amazonaws.com/landingi-ftp/script/wow/wow.min.js]
[old.assets-landingi.com/bootstrap/js/landend.bootstrap.min.js]
[maxcdn.bootstrapcdn.com/font-awesome/4.3.0/css/font-awesome.min.css]
[connect.facebook.net/en_US/fbevents.js]
[connect.facebook.net/en_US/fbevents.js]
[loja.modernacompra.com.br/c.html]
[loja.modernacompra.com.br/b.html]
[loja.modernacompra.com.br/POST.html]
